// Jest Snapshot v1, https://goo.gl/fbAQLP

exports[`Component : Constract/sidebarR/odersFlow.js 1`] = `
<div
  className="sc-bdfBwQ deFIOY"
>
  <div
    className="title"
  >
    Oders
    <span>
      Flow
    </span>
  </div>
  <div
    className="allCarda"
  >
    <div
      className="cardM"
    >
      <div
        className="header"
      >
        <div
          className="logo"
        >
          B
        </div>
        <div
          className="users"
        >
          <div
            className="user"
          >
            <img
              alt="user"
              src="/files/pic/user/3.png"
            />
          </div>
          <div
            className="user"
          >
            <img
              alt="user"
              src="/files/pic/user/4.png"
            />
          </div>
          <div
            className="user"
          >
            <img
              alt="user"
              src="/files/pic/user/1.png"
            />
          </div>
        </div>
      </div>
      <div
        className="body"
      >
        <div
          className="location"
        >
          <h3>
            South Brookly
          </h3>
          <p>
            <svg
              aria-hidden="true"
              className="svg-inline--fa fa-map-marked fa-w-18 "
              data-icon="map-marked"
              data-prefix="fas"
              focusable="false"
              role="img"
              style={Object {}}
              viewBox="0 0 576 512"
              xmlns="http://www.w3.org/2000/svg"
            >
              <path
                d="M288 0c-69.59 0-126 56.41-126 126 0 56.26 82.35 158.8 113.9 196.02 6.39 7.54 17.82 7.54 24.2 0C331.65 284.8 414 182.26 414 126 414 56.41 357.59 0 288 0zM20.12 215.95A32.006 32.006 0 0 0 0 245.66v250.32c0 11.32 11.43 19.06 21.94 14.86L160 448V214.92c-8.84-15.98-16.07-31.54-21.25-46.42L20.12 215.95zM288 359.67c-14.07 0-27.38-6.18-36.51-16.96-19.66-23.2-40.57-49.62-59.49-76.72v182l192 64V266c-18.92 27.09-39.82 53.52-59.49 76.72-9.13 10.77-22.44 16.95-36.51 16.95zm266.06-198.51L416 224v288l139.88-55.95A31.996 31.996 0 0 0 576 426.34V176.02c0-11.32-11.43-19.06-21.94-14.86z"
                fill="currentColor"
                style={Object {}}
              />
            </svg>
             1945 frederick street
          </p>
        </div>
        <button
          className="btn btn-warning btn-sm"
          disabled={false}
          type="button"
        >
          ON THE WAY
        </button>
      </div>
    </div>
    <div
      className="cardM"
    >
      <div
        className="header"
      >
        <div
          className="logo"
        >
          B
        </div>
        <div
          className="users"
        >
          <div
            className="user"
          >
            <img
              alt="user"
              src="/files/pic/user/3.png"
            />
          </div>
          <div
            className="user"
          >
            <img
              alt="user"
              src="/files/pic/user/4.png"
            />
          </div>
          <div
            className="user"
          >
            <img
              alt="user"
              src="/files/pic/user/1.png"
            />
          </div>
        </div>
      </div>
      <div
        className="body"
      >
        <div
          className="location"
        >
          <h3>
            South Brookly
          </h3>
          <p>
            <svg
              aria-hidden="true"
              className="svg-inline--fa fa-map-marked fa-w-18 "
              data-icon="map-marked"
              data-prefix="fas"
              focusable="false"
              role="img"
              style={Object {}}
              viewBox="0 0 576 512"
              xmlns="http://www.w3.org/2000/svg"
            >
              <path
                d="M288 0c-69.59 0-126 56.41-126 126 0 56.26 82.35 158.8 113.9 196.02 6.39 7.54 17.82 7.54 24.2 0C331.65 284.8 414 182.26 414 126 414 56.41 357.59 0 288 0zM20.12 215.95A32.006 32.006 0 0 0 0 245.66v250.32c0 11.32 11.43 19.06 21.94 14.86L160 448V214.92c-8.84-15.98-16.07-31.54-21.25-46.42L20.12 215.95zM288 359.67c-14.07 0-27.38-6.18-36.51-16.96-19.66-23.2-40.57-49.62-59.49-76.72v182l192 64V266c-18.92 27.09-39.82 53.52-59.49 76.72-9.13 10.77-22.44 16.95-36.51 16.95zm266.06-198.51L416 224v288l139.88-55.95A31.996 31.996 0 0 0 576 426.34V176.02c0-11.32-11.43-19.06-21.94-14.86z"
                fill="currentColor"
                style={Object {}}
              />
            </svg>
             1945 frederick street
          </p>
        </div>
        <button
          className="btn btn-warning btn-sm"
          disabled={false}
          type="button"
        >
          ON THE WAY
        </button>
      </div>
    </div>
  </div>
</div>
`;
