// Jest Snapshot v1, https://goo.gl/fbAQLP

exports[`Component : Constract/footer.js 1`] = `
<div
  className="sc-bdfBwQ ajUNk"
>
  <div
    className="card-Profile"
  >
    <div
      className="user"
    >
      <img
        alt="profile user"
        src="./files/pic/user/1.png"
      />
      <h3>
        Jessica
      </h3>
      <p>
        supplies
      </p>
    </div>
    <div
      className="user"
    >
      <img
        alt="profile user"
        src="./files/pic/user/2.png"
      />
      <h3>
        Martha
      </h3>
      <p>
        Cook
      </p>
    </div>
    <div
      className="user"
    >
      <img
        alt="profile user"
        src="./files/pic/user/3.png"
      />
      <h3>
        Sofia
      </h3>
      <p>
        Driver
      </p>
    </div>
    <div
      className="user"
    >
      <img
        alt="profile user"
        src="./files/pic/user/4.png"
      />
      <h3>
        jan
      </h3>
      <p>
        marjting
      </p>
    </div>
    <div
      className="user"
    >
      <img
        alt="profile user"
        src="./files/pic/user/5.jpg"
      />
      <h3>
        Jessica
      </h3>
      <p>
        Cook
      </p>
    </div>
    <div
      className="user"
    >
      <img
        alt="profile user"
        src="./files/pic/user/6.jpg"
      />
      <h3>
        Mark
      </h3>
      <p>
        marjting
      </p>
    </div>
    <div
      className="user"
    >
      <img
        alt="profile user"
        src="./files/pic/user/7.jpg"
      />
      <h3>
        jack
      </h3>
      <p>
        Cook
      </p>
    </div>
  </div>
  <div
    className="addUser"
  >
    <svg
      aria-hidden="true"
      className="svg-inline--fa fa-plus fa-w-14 "
      data-icon="plus"
      data-prefix="fas"
      focusable="false"
      role="img"
      style={Object {}}
      viewBox="0 0 448 512"
      xmlns="http://www.w3.org/2000/svg"
    >
      <path
        d="M416 208H272V64c0-17.67-14.33-32-32-32h-32c-17.67 0-32 14.33-32 32v144H32c-17.67 0-32 14.33-32 32v32c0 17.67 14.33 32 32 32h144v144c0 17.67 14.33 32 32 32h32c17.67 0 32-14.33 32-32V304h144c17.67 0 32-14.33 32-32v-32c0-17.67-14.33-32-32-32z"
        fill="currentColor"
        style={Object {}}
      />
    </svg>
  </div>
</div>
`;
