// Jest Snapshot v1, https://goo.gl/fbAQLP

exports[`Component : Constract/footer.js 1`] = `null`;
